ARM Linker, 4.1 [Build 567] [Evaluation]

==============================================================================

Section Cross References

    startup.o(RESET) refers to prac5.o(codigo) for inicio
    startup.o(.text) refers to startup.o(HEAP) for Heap_Mem
    startup.o(.text) refers to startup.o(STACK) for Stack_Mem
    prac5.o(codigo) refers to rand.o(codigo) for srand
    prac5.o(codigo) refers to prac5.o(datos) for SCREEN_START
    rand.o(codigo) refers to rand.o(datos) for rand_x


==============================================================================

Removing Unused input sections from the image.

    Removing startup.o(STACK), (2048 bytes).
    Removing startup.o(HEAP), (0 bytes).
    Removing startup.o(.text), (28 bytes).

3 unused section(s) (total 2076 bytes) removed from the image.

==============================================================================

Image Symbol Table

    Local Symbols

    Symbol Name                              Value     Ov Type        Size  Object(Section)

    RESET                                    0x00000000   Section      708  startup.o(RESET)
    Startup.s                                0x00000000   Number         0  startup.o ABSOLUTE
    prac5.s                                  0x00000000   Number         0  prac5.o ABSOLUTE
    rand.s                                   0x00000000   Number         0  rand.o ABSOLUTE
    RSE_Undef                                0x00000040   ARM Code       4  startup.o(RESET)
    RSE_PAbt                                 0x00000044   ARM Code       4  startup.o(RESET)
    RSE_DAbt                                 0x00000048   ARM Code       4  startup.o(RESET)
    RSE_IRQ                                  0x0000004c   ARM Code       4  startup.o(RESET)
    RSE_FIQ                                  0x00000050   ARM Code       4  startup.o(RESET)
    RSE_Reset                                0x00000054   ARM Code       0  startup.o(RESET)
    chanel2irq                               0x00000168   Data          16  startup.o(RESET)
    SO_T                                     0x00000178   Data           4  startup.o(RESET)
    SO_E1                                    0x0000017c   Data          29  startup.o(RESET)
    SO_N                                     0x00000199   Data          48  startup.o(RESET)
    SO_E2                                    0x000001c9   Data          15  startup.o(RESET)
    RSE_SWI                                  0x000001d8   ARM Code       0  startup.o(RESET)
    SO4                                      0x0000023c   ARM Code       0  startup.o(RESET)
    codigo                                   0x40000000   Section     3104  prac5.o(codigo)
    RSI_reloj                                0x40000278   ARM Code       0  prac5.o(codigo)
    RSI_teclado                              0x400002d8   ARM Code       0  prac5.o(codigo)
    codigo                                   0x40000c20   Section      100  rand.o(codigo)
    datos                                    0x40000c84   Section      840  prac5.o(datos)
    reloj                                    0x40000c84   Data           4  prac5.o(datos)
    fin                                      0x40000c88   Data           1  prac5.o(datos)
    ASCII                                    0x40000c8c   Data           4  prac5.o(datos)
    SCREEN_GAMEOVER                          0x40000c90   Data         320  prac5.o(datos)
    SCREEN_GAMEOVER_END                      0x40000dd0   Data           1  prac5.o(datos)
    SCREEN_WIN                               0x40000dd1   Data         320  prac5.o(datos)
    SCREEN_WIN_END                           0x40000f11   Data           1  prac5.o(datos)
    SCREEN_START                             0x40000f12   Data          63  prac5.o(datos)
    SCREEN_START_END                         0x40000f51   Data           1  prac5.o(datos)
    SCREEN_PAUSE                             0x40000f52   Data           6  prac5.o(datos)
    SCREEN_PAUSE_END                         0x40000f58   Data           1  prac5.o(datos)
    BULLET_SPEED                             0x40000f5c   Data           4  prac5.o(datos)
    bullet_timer                             0x40000f60   Data           1  prac5.o(datos)
    bullet_count                             0x40000f64   Data           4  prac5.o(datos)
    bullets_over                             0x40000f68   Data           4  prac5.o(datos)
    bullet_count_d1                          0x40000f6c   Data           1  prac5.o(datos)
    score                                    0x40000f70   Data           4  prac5.o(datos)
    score_d1                                 0x40000f74   Data           1  prac5.o(datos)
    ENEMY_SPEED                              0x40000f78   Data           4  prac5.o(datos)
    enemy_timer                              0x40000f7c   Data           4  prac5.o(datos)
    ENEMY_REG                                0x40000f80   Data          72  prac5.o(datos)
    enemy_count                              0x40000fc8   Data           4  prac5.o(datos)
    datos                                    0x40000fcc   Section       12  rand.o(datos)
    rand_x                                   0x40000fcc   Data           4  rand.o(datos)
    rand_a                                   0x40000fd0   Data           4  rand.o(datos)
    rand_c                                   0x40000fd4   Data           4  rand.o(datos)

    Global Symbols

    Symbol Name                              Value     Ov Type        Size  Object(Section)

    BuildAttributes$$THM_ISAv1$ARM_ISAv4$S$PE$A:L22$X:L11$S22$IEEE1$IW$USESV6$~STKCKD$USESV7$~SHL$OSPACE$EBA8$STANDARDLIB$EABIv2 0x00000000   Number         0  anon$$obj.o ABSOLUTE
    inicio                                   0x40000000   ARM Code       0  prac5.o(codigo)
    srand                                    0x40000c20   ARM Code       4  rand.o(codigo)
    rand                                     0x40000c3c   ARM Code       4  rand.o(codigo)



==============================================================================

Memory Map of the image

  Image Entry point : 0x00000000

  Load Region LR_IROM1 (Base: 0x00000000, Size: 0x000002c4, Max: 0x00020000, ABSOLUTE)

    Execution Region ER_IROM1 (Base: 0x00000000, Size: 0x000002c4, Max: 0xffffffff, ABSOLUTE)

    Base Addr    Size         Type   Attr      Idx    E Section Name        Object

    0x00000000   0x000002c4   Code   RO            3  * RESET               startup.o



  Load Region LR_IRAM1 (Base: 0x40000000, Size: 0x00000fd8, Max: 0x00008000, ABSOLUTE)

    Execution Region ER_IRAM1 (Base: 0x40000000, Size: 0x00000fd8, Max: 0xffffffff, ABSOLUTE)

    Base Addr    Size         Type   Attr      Idx    E Section Name        Object

    0x40000000   0x00000c20   Code   RO           12    codigo              prac5.o
    0x40000c20   0x00000064   Code   RO           16    codigo              rand.o
    0x40000c84   0x00000348   Data   RW           11    datos               prac5.o
    0x40000fcc   0x0000000c   Data   RW           15    datos               rand.o


==============================================================================

Image component sizes


      Code (inc. data)   RO Data    RW Data    ZI Data      Debug   Object Name

      3104        128          0        840          0        908   prac5.o
       100         12          0         12          0        152   rand.o
       708        224          0          0          0        328   startup.o

    ----------------------------------------------------------------------
      3912        364          0        852          0       1388   Object Totals
         0          0          0          0          0          0   (incl. Generated)
         0          0          0          0          0          0   (incl. Padding)

    ----------------------------------------------------------------------
         0          0          0          0          0          0   Library Totals
         0          0          0          0          0          0   (incl. Padding)

    ----------------------------------------------------------------------

==============================================================================


      Code (inc. data)   RO Data    RW Data    ZI Data      Debug   

      3912        364          0        852          0       1388   Grand Totals
      3912        364          0        852          0       1388   ELF Image Totals
      3912        364          0        852          0          0   ROM Totals

==============================================================================

    Total RO  Size (Code + RO Data)                 3912 (   3.82kB)
    Total RW  Size (RW Data + ZI Data)               852 (   0.83kB)
    Total ROM Size (Code + RO Data + RW Data)       4764 (   4.65kB)

==============================================================================

