<html>
<body>
<pre>
<h1>µVision Build Log</h1>
<h2>Project:</h2>
E:\prac5_v4\prac5.uvproj
Project File Date:  06/11/2018

<h2>Output:</h2>
Build target 'Target 1'
assembling prac5.s...
linking...
Program Size: Code=3912 RO-data=0 RW-data=852 ZI-data=0  
"prac5.axf" - 0 Error(s), 0 Warning(s).
Build target 'Target 1'
linking...
Program Size: Code=3912 RO-data=0 RW-data=852 ZI-data=0  
"prac5.axf" - 0 Error(s), 0 Warning(s).
Build target 'Target 1'
assembling Startup.s...
assembling prac5.s...
assembling rand.s...
linking...
Program Size: Code=3912 RO-data=0 RW-data=852 ZI-data=0  
"prac5.axf" - 0 Error(s), 0 Warning(s).
